
C:\Users\kingb\Desktop\GameOn Repo\GameOn-CodeSphere\backend>"C:\Users\kingb\.m2\wrapper\dists\apache-maven-3.9.9-bin\bin\mvn.cmd" clean test -pl . -Dtest=BrowseListingServiceTest -Dmaven.multiModuleProjectDirectory="C:\Users\kingb\Desktop\GameOn Repo\GameOn-CodeSphere\backend\" 
[INFO] Scanning for projects...
[INFO] 
[INFO] -----------------------< com.codesphere:gameon >------------------------
[INFO] Building GameOn 1.0-SNAPSHOT
[INFO]   from pom.xml
[INFO] --------------------------------[ jar ]---------------------------------
[INFO] 
[INFO] --- clean:3.2.0:clean (default-clean) @ gameon ---
[INFO] Deleting C:\Users\kingb\Desktop\GameOn Repo\GameOn-CodeSphere\backend\target
[INFO] 
[INFO] --- resources:3.3.1:resources (default-resources) @ gameon ---
[INFO] Copying 4 resources from src\main\resources to target\classes
[INFO] Copying 14 resources from ..\frontend to target\classes\public
[INFO] 
[INFO] --- compiler:3.13.0:compile (default-compile) @ gameon ---
[INFO] Recompiling the module because of changed source code.
[INFO] Compiling 45 source files with javac [debug release 21] to target\classes
[INFO] 
[INFO] --- resources:3.3.1:testResources (default-testResources) @ gameon ---
[INFO] skip non existing resourceDirectory C:\Users\kingb\Desktop\GameOn Repo\GameOn-CodeSphere\backend\src\test\resources
[INFO] 
[INFO] --- compiler:3.13.0:testCompile (default-testCompile) @ gameon ---
[INFO] Recompiling the module because of changed dependency.
[INFO] Compiling 6 source files with javac [debug release 21] to target\test-classes
[INFO] 
[INFO] --- surefire:3.5.1:test (default-test) @ gameon ---
[INFO] Using auto detected provider org.apache.maven.surefire.junitplatform.JUnitPlatformProvider
[INFO] 
[INFO] -------------------------------------------------------
[INFO]  T E S T S
[INFO] -------------------------------------------------------
[INFO] Running com.codesphere.gameon.service.BrowseListingServiceTest
02:24:17.336 [main] DEBUG c.c.g.service.BrowseListingService - Fetching listing detail for userId=77, listingId=100
02:24:17.392 [main] DEBUG c.c.g.service.BrowseListingService - Browsing listings for userId=1, filter: page=1, size=20, sportId=null, skillLevel=null, date=null, hideFull=false
02:24:17.396 [main] DEBUG c.c.g.service.BrowseListingService - Browse query returned 0 items on page 1, totalItems=0, totalPages=0
02:24:17.401 [main] DEBUG c.c.g.service.BrowseListingService - Browsing listings for userId=1, filter: page=1, size=20, sportId=99, skillLevel=null, date=null, hideFull=false
02:24:17.402 [main] DEBUG c.c.g.service.BrowseListingService - Sport filter 99 not in user's sport list, returning empty results
02:24:17.415 [main] DEBUG c.c.g.service.BrowseListingService - Fetching listing detail for userId=1, listingId=100
02:24:17.438 [main] DEBUG c.c.g.service.BrowseListingService - Fetching listing detail for userId=1, listingId=100
02:24:17.443 [main] DEBUG c.c.g.service.BrowseListingService - Browsing listings for userId=99, filter: page=1, size=20, sportId=null, skillLevel=null, date=null, hideFull=false
02:24:17.444 [main] DEBUG c.c.g.service.BrowseListingService - User 99 has no sports on profile, returning empty results
02:24:17.455 [main] DEBUG c.c.g.service.BrowseListingService - Fetching listing detail for userId=1, listingId=999
02:24:17.462 [main] DEBUG c.c.g.service.BrowseListingService - Browsing listings for userId=1, filter: page=1, size=20, sportId=null, skillLevel=null, date=null, hideFull=true
02:24:17.462 [main] DEBUG c.c.g.service.BrowseListingService - Browse query returned 1 items on page 1, totalItems=1, totalPages=1
02:24:17.477 [main] DEBUG c.c.g.service.BrowseListingService - Browsing listings for userId=1, filter: page=1, size=20, sportId=null, skillLevel=null, date=2026-08-15, hideFull=false
02:24:17.478 [main] DEBUG c.c.g.service.BrowseListingService - Browse query returned 1 items on page 1, totalItems=1, totalPages=1
02:24:17.481 [main] DEBUG c.c.g.service.BrowseListingService - Fetching listing detail for userId=77, listingId=100
02:24:17.486 [main] DEBUG c.c.g.service.BrowseListingService - Browsing listings for userId=1, filter: page=1, size=20, sportId=null, skillLevel=null, date=null, hideFull=false
02:24:17.487 [main] DEBUG c.c.g.service.BrowseListingService - Browse query returned 2 items on page 1, totalItems=2, totalPages=1
02:24:17.496 [main] DEBUG c.c.g.service.BrowseListingService - Fetching listing detail for userId=50, listingId=100
[INFO] Tests run: 12, Failures: 0, Errors: 0, Skipped: 0, Time elapsed: 0.810 s -- in com.codesphere.gameon.service.BrowseListingServiceTest
[INFO] 
[INFO] Results:
[INFO] 
[INFO] Tests run: 12, Failures: 0, Errors: 0, Skipped: 0
[INFO] 
[INFO] ------------------------------------------------------------------------
[INFO] BUILD SUCCESS
[INFO] ------------------------------------------------------------------------
[INFO] Total time:  20.438 s
[INFO] Finished at: 2026-08-07T02:24:17+02:00
[INFO] ------------------------------------------------------------------------
